Archive member included to satisfy reference by file (symbol)

../src/libqwiicAlphanumeric.a(SparkFun_Alphanumeric_Display.cpp.obj)
                              CMakeFiles/led_blink.dir/led_blink.cpp.obj (blinky())
/usr/lib/gcc/arm-none-eabi/9.2.1/thumb/v6-m/nofp/libgcc.a(_dvmd_tls.o)
                              CMakeFiles/led_blink.dir/home/sharp/pico/pico-sdk/src/rp2_common/pico_divider/divider.S.obj (__aeabi_idiv0)
/usr/lib/gcc/arm-none-eabi/9.2.1/../../../arm-none-eabi/lib/thumb/v6-m/nofp/libc.a(lib_a-atexit.o)
                              /usr/lib/gcc/arm-none-eabi/9.2.1/../../../arm-none-eabi/lib/thumb/v6-m/nofp/crt0.o (atexit)
/usr/lib/gcc/arm-none-eabi/9.2.1/../../../arm-none-eabi/lib/thumb/v6-m/nofp/libc.a(lib_a-calloc.o)
                              CMakeFiles/led_blink.dir/home/sharp/pico/pico-sdk/src/rp2_common/pico_malloc/pico_malloc.c.obj (calloc)
/usr/lib/gcc/arm-none-eabi/9.2.1/../../../arm-none-eabi/lib/thumb/v6-m/nofp/libc.a(lib_a-callocr.o)
                              /usr/lib/gcc/arm-none-eabi/9.2.1/../../../arm-none-eabi/lib/thumb/v6-m/nofp/libc.a(lib_a-calloc.o) (_calloc_r)
/usr/lib/gcc/arm-none-eabi/9.2.1/../../../arm-none-eabi/lib/thumb/v6-m/nofp/libc.a(lib_a-fini.o)
                              /usr/lib/gcc/arm-none-eabi/9.2.1/../../../arm-none-eabi/lib/thumb/v6-m/nofp/crt0.o (__libc_fini_array)
/usr/lib/gcc/arm-none-eabi/9.2.1/../../../arm-none-eabi/lib/thumb/v6-m/nofp/libc.a(lib_a-impure.o)
                              /usr/lib/gcc/arm-none-eabi/9.2.1/../../../arm-none-eabi/lib/thumb/v6-m/nofp/libc.a(lib_a-calloc.o) (_impure_ptr)
/usr/lib/gcc/arm-none-eabi/9.2.1/../../../arm-none-eabi/lib/thumb/v6-m/nofp/libc.a(lib_a-init.o)
                              /usr/lib/gcc/arm-none-eabi/9.2.1/../../../arm-none-eabi/lib/thumb/v6-m/nofp/crt0.o (__libc_init_array)
/usr/lib/gcc/arm-none-eabi/9.2.1/../../../arm-none-eabi/lib/thumb/v6-m/nofp/libc.a(lib_a-malloc.o)
                              CMakeFiles/led_blink.dir/home/sharp/pico/pico-sdk/src/rp2_common/pico_malloc/pico_malloc.c.obj (malloc)
/usr/lib/gcc/arm-none-eabi/9.2.1/../../../arm-none-eabi/lib/thumb/v6-m/nofp/libc.a(lib_a-mallocr.o)
                              /usr/lib/gcc/arm-none-eabi/9.2.1/../../../arm-none-eabi/lib/thumb/v6-m/nofp/libc.a(lib_a-callocr.o) (_malloc_r)
/usr/lib/gcc/arm-none-eabi/9.2.1/../../../arm-none-eabi/lib/thumb/v6-m/nofp/libc.a(lib_a-mlock.o)
                              /usr/lib/gcc/arm-none-eabi/9.2.1/../../../arm-none-eabi/lib/thumb/v6-m/nofp/libc.a(lib_a-mallocr.o) (__malloc_lock)
/usr/lib/gcc/arm-none-eabi/9.2.1/../../../arm-none-eabi/lib/thumb/v6-m/nofp/libc.a(lib_a-sbrkr.o)
                              /usr/lib/gcc/arm-none-eabi/9.2.1/../../../arm-none-eabi/lib/thumb/v6-m/nofp/libc.a(lib_a-mallocr.o) (_sbrk_r)
/usr/lib/gcc/arm-none-eabi/9.2.1/../../../arm-none-eabi/lib/thumb/v6-m/nofp/libc.a(lib_a-strlen-stub.o)
                              CMakeFiles/led_blink.dir/home/sharp/pico/pico-sdk/src/rp2_common/pico_stdio/stdio.c.obj (strlen)
/usr/lib/gcc/arm-none-eabi/9.2.1/../../../arm-none-eabi/lib/thumb/v6-m/nofp/libc.a(lib_a-__atexit.o)
                              /usr/lib/gcc/arm-none-eabi/9.2.1/../../../arm-none-eabi/lib/thumb/v6-m/nofp/libc.a(lib_a-atexit.o) (__register_exitproc)
/usr/lib/gcc/arm-none-eabi/9.2.1/../../../arm-none-eabi/lib/thumb/v6-m/nofp/libc.a(lib_a-freer.o)
                              /usr/lib/gcc/arm-none-eabi/9.2.1/../../../arm-none-eabi/lib/thumb/v6-m/nofp/libc.a(lib_a-malloc.o) (_free_r)
/usr/lib/gcc/arm-none-eabi/9.2.1/../../../arm-none-eabi/lib/thumb/v6-m/nofp/libc.a(lib_a-reent.o)
                              /usr/lib/gcc/arm-none-eabi/9.2.1/../../../arm-none-eabi/lib/thumb/v6-m/nofp/libc.a(lib_a-sbrkr.o) (errno)

Allocating common symbols
Common symbol       size              file

sf_table            0x100             CMakeFiles/led_blink.dir/home/sharp/pico/pico-sdk/src/rp2_common/pico_float/float_init_rom.c.obj
errno               0x4               /usr/lib/gcc/arm-none-eabi/9.2.1/../../../arm-none-eabi/lib/thumb/v6-m/nofp/libc.a(lib_a-reent.o)
sd_table            0x100             CMakeFiles/led_blink.dir/home/sharp/pico/pico-sdk/src/rp2_common/pico_double/double_init_rom.c.obj
uart_char_to_line_feed
                    0x4               CMakeFiles/led_blink.dir/home/sharp/pico/pico-sdk/src/rp2_common/hardware_uart/uart.c.obj

Discarded input sections

 .text          0x0000000000000000        0x0 /usr/lib/gcc/arm-none-eabi/9.2.1/thumb/v6-m/nofp/crti.o
 .data          0x0000000000000000        0x0 /usr/lib/gcc/arm-none-eabi/9.2.1/thumb/v6-m/nofp/crti.o
 .bss           0x0000000000000000        0x0 /usr/lib/gcc/arm-none-eabi/9.2.1/thumb/v6-m/nofp/crti.o
 .data          0x0000000000000000        0x4 /usr/lib/gcc/arm-none-eabi/9.2.1/thumb/v6-m/nofp/crtbegin.o
 .fini_array    0x0000000000000000        0x4 /usr/lib/gcc/arm-none-eabi/9.2.1/thumb/v6-m/nofp/crtbegin.o
[...]
Memory Configuration

Name             Origin             Length             Attributes
FLASH            0x0000000010000000 0x0000000000200000 xr
RAM              0x0000000020000000 0x0000000000040000 xrw
SCRATCH_X        0x0000000020040000 0x0000000000001000 xrw
SCRATCH_Y        0x0000000020041000 0x0000000000001000 xrw
*default*        0x0000000000000000 0xffffffffffffffff

Linker script and memory map

LOAD /usr/lib/gcc/arm-none-eabi/9.2.1/thumb/v6-m/nofp/crti.o
LOAD /usr/lib/gcc/arm-none-eabi/9.2.1/thumb/v6-m/nofp/crtbegin.o
LOAD /usr/lib/gcc/arm-none-eabi/9.2.1/../../../arm-none-eabi/lib/thumb/v6-m/nofp/crt0.o

.flash_begin    0x0000000010000000        0x0
                0x0000000010000000                __flash_binary_start = .

.boot2          0x0000000010000000      0x100
                0x0000000010000000                __boot2_start__ = .
 *(.boot2)
 .boot2         0x0000000010000000      0x100 /tmp/ccOyTL0T.o
                0x0000000010000100                __boot2_end__ = .
                0x0000000000000001                ASSERT (((__boot2_end__ - __boot2_start__) == 0x100), ERROR: Pico second stage bootloader must be 256 bytes in size)

.text           0x0000000010000100     0x2b98
                0x0000000010000100                __logical_binary_start = .
 *(.vectors)
 .vectors       0x0000000010000100       0xd4 CMakeFiles/led_blink.dir/home/sharp/pico/pico-sdk/src/rp2_common/pico_standard_link/crt0.S.obj
                0x0000000010000100                __vectors
                0x0000000010000100                __VECTOR_TABLE
                0x00000000100001c0                isr_invalid
                0x00000000100001c0                __default_isrs_start
                0x00000000100001c2                isr_nmi
                0x00000000100001c4                isr_hardfault
                0x00000000100001c6                isr_svcall
                0x00000000100001c8                isr_pendsv
                0x00000000100001ca                isr_systick
                0x00000000100001cc                isr_irq30
                0x00000000100001cc                __unhandled_user_irq
                0x00000000100001cc                isr_irq13
                0x00000000100001cc                isr_irq27
                0x00000000100001cc                isr_irq31
                0x00000000100001cc                isr_irq5
                0x00000000100001cc                isr_irq11
                0x00000000100001cc                isr_irq23
                0x00000000100001cc                isr_irq18
                0x00000000100001cc                isr_irq28
                0x00000000100001cc                isr_irq19
                0x00000000100001cc                isr_irq0
                0x00000000100001cc                isr_irq6
                0x00000000100001cc                isr_irq22
                0x00000000100001cc                isr_irq17
                0x00000000100001cc                isr_irq14
                0x00000000100001cc                isr_irq2
                0x00000000100001cc                isr_irq10
                0x00000000100001cc                isr_irq8
                0x00000000100001cc                isr_irq24
                0x00000000100001cc                isr_irq1
                0x00000000100001cc                isr_irq7
                0x00000000100001cc                isr_irq21
                0x00000000100001cc                isr_irq20
                0x00000000100001cc                isr_irq15
                0x00000000100001cc                isr_irq25
                0x00000000100001cc                isr_irq4
                0x00000000100001cc                isr_irq16
                0x00000000100001cc                isr_irq29
                0x00000000100001cc                isr_irq26
                0x00000000100001cc                __default_isrs_end
                0x00000000100001cc                isr_irq3
                0x00000000100001cc                isr_irq12
                0x00000000100001cc                isr_irq9
                0x00000000100001d2                unhandled_user_irq_num_in_r0
 *(.binary_info_header)
 .binary_info_header
                0x00000000100001d4       0x14 CMakeFiles/led_blink.dir/home/sharp/pico/pico-sdk/src/rp2_common/pico_standard_link/crt0.S.obj
                0x00000000100001e8                __binary_info_header_end = .
 *(.reset)
 .reset         0x00000000100001e8       0xa8 CMakeFiles/led_blink.dir/home/sharp/pico/pico-sdk/src/rp2_common/pico_standard_link/crt0.S.obj
                0x00000000100001e8                _entry_point
                0x0000000010000266                __get_current_exception
 .reset         0x0000000010000290       0x30 CMakeFiles/led_blink.dir/home/sharp/pico/pico-sdk/src/rp2_common/pico_standard_link/binary_info.c.obj
 *(.init)
 .init          0x00000000100002c0        0x4 /usr/lib/gcc/arm-none-eabi/9.2.1/thumb/v6-m/nofp/crti.o
                0x00000000100002c0                _init
 *(EXCLUDE_FILE(*libm.a: *libc.a:*lib_a-mem*.o *libgcc.a:) .text*)
 .text          0x00000000100002c4       0x98 /usr/lib/gcc/arm-none-eabi/9.2.1/thumb/v6-m/nofp/crtbegin.o
 .text.startup.main
                0x000000001000035c       0xbc CMakeFiles/led_blink.dir/led_blink.cpp.obj
                0x000000001000035c                main
 .text.gpio_set_function
                0x0000000010000418       0x30 CMakeFiles/led_blink.dir/home/sharp/pico/pico-sdk/src/rp2_common/hardware_gpio/gpio.c.obj
                0x0000000010000418                gpio_set_function
 .text.gpio_set_pulls
                0x0000000010000448       0x30 CMakeFiles/led_blink.dir/home/sharp/pico/pico-sdk/src/rp2_common/hardware_gpio/gpio.c.obj
                0x0000000010000448                gpio_set_pulls
 .text.gpio_init
                0x0000000010000478       0x3c CMakeFiles/led_blink.dir/home/sharp/pico/pico-sdk/src/rp2_common/hardware_gpio/gpio.c.obj
                0x0000000010000478                gpio_init
 .text.hw_claim_or_assert
                0x00000000100004b4       0x48 CMakeFiles/led_blink.dir/home/sharp/pico/pico-sdk/src/rp2_common/hardware_claim/claim.c.obj
                0x00000000100004b4                hw_claim_or_assert
 .text.running_on_fpga
                0x00000000100004fc       0x10 CMakeFiles/led_blink.dir/home/sharp/pico/pico-sdk/src/rp2_common/pico_platform/platform.c.obj
                0x00000000100004fc                running_on_fpga
 .text.spin_locks_reset
                0x000000001000050c       0x1c CMakeFiles/led_blink.dir/home/sharp/pico/pico-sdk/src/rp2_common/hardware_sync/sync.c.obj
                0x000000001000050c                spin_locks_reset
 .text.next_striped_spin_lock_num
                0x0000000010000528       0x18 CMakeFiles/led_blink.dir/home/sharp/pico/pico-sdk/src/rp2_common/hardware_sync/sync.c.obj
                0x0000000010000528                next_striped_spin_lock_num
 .text.uart_init
                0x0000000010000540       0xe4 CMakeFiles/led_blink.dir/home/sharp/pico/pico-sdk/src/rp2_common/hardware_uart/uart.c.obj
                0x0000000010000540                uart_init
 .text.timer_pool_entry_comparator
                0x0000000010000624       0x34 CMakeFiles/led_blink.dir/home/sharp/pico/pico-sdk/src/common/pico_time/time.c.obj
                0x0000000010000624                timer_pool_entry_comparator
 .text.sleep_until_callback
                0x0000000010000658       0x30 CMakeFiles/led_blink.dir/home/sharp/pico/pico-sdk/src/common/pico_time/time.c.obj
 .text.alarm_pool_add_alarm_at.constprop.0
                0x0000000010000688      0x128 CMakeFiles/led_blink.dir/home/sharp/pico/pico-sdk/src/common/pico_time/time.c.obj
 .text.add_alarm_under_lock
                0x00000000100007b0      0x108 CMakeFiles/led_blink.dir/home/sharp/pico/pico-sdk/src/common/pico_time/time.c.obj
 .text.alarm_pool_alarm_callback
                0x00000000100008b8      0x1c8 CMakeFiles/led_blink.dir/home/sharp/pico/pico-sdk/src/common/pico_time/time.c.obj
 .text.alarm_pool_init_default
                0x0000000010000a80       0x64 CMakeFiles/led_blink.dir/home/sharp/pico/pico-sdk/src/common/pico_time/time.c.obj
                0x0000000010000a80                alarm_pool_init_default
 .text.sleep_until
                0x0000000010000ae4       0xac CMakeFiles/led_blink.dir/home/sharp/pico/pico-sdk/src/common/pico_time/time.c.obj
                0x0000000010000ae4                sleep_until
 .text.sleep_ms
                0x0000000010000b90       0x38 CMakeFiles/led_blink.dir/home/sharp/pico/pico-sdk/src/common/pico_time/time.c.obj
                0x0000000010000b90                sleep_ms
 .text.hardware_alarm_irq_handler
                0x0000000010000bc8       0xb8 CMakeFiles/led_blink.dir/home/sharp/pico/pico-sdk/src/rp2_common/hardware_timer/timer.c.obj
 .text.hardware_alarm_claim
                0x0000000010000c80       0x18 CMakeFiles/led_blink.dir/home/sharp/pico/pico-sdk/src/rp2_common/hardware_timer/timer.c.obj
                0x0000000010000c80                hardware_alarm_claim
 .text.time_us_64
                0x0000000010000c98       0x14 CMakeFiles/led_blink.dir/home/sharp/pico/pico-sdk/src/rp2_common/hardware_timer/timer.c.obj
                0x0000000010000c98                time_us_64
 .text.busy_wait_until
                0x0000000010000cac       0x20 CMakeFiles/led_blink.dir/home/sharp/pico/pico-sdk/src/rp2_common/hardware_timer/timer.c.obj
                0x0000000010000cac                busy_wait_until
 .text.hardware_alarm_set_callback
                0x0000000010000ccc       0x8c CMakeFiles/led_blink.dir/home/sharp/pico/pico-sdk/src/rp2_common/hardware_timer/timer.c.obj
                0x0000000010000ccc                hardware_alarm_set_callback
 .text.hardware_alarm_set_target
                0x0000000010000d58       0xe4 CMakeFiles/led_blink.dir/home/sharp/pico/pico-sdk/src/rp2_common/hardware_timer/timer.c.obj
                0x0000000010000d58                hardware_alarm_set_target
 .text.hardware_alarm_cancel
                0x0000000010000e3c       0x40 CMakeFiles/led_blink.dir/home/sharp/pico/pico-sdk/src/rp2_common/hardware_timer/timer.c.obj
                0x0000000010000e3c                hardware_alarm_cancel
 .text.lock_init
                0x0000000010000e7c       0x10 CMakeFiles/led_blink.dir/home/sharp/pico/pico-sdk/src/common/pico_sync/lock_core.c.obj
                0x0000000010000e7c                lock_init
 .text.mutex_init
                0x0000000010000e8c       0x1c CMakeFiles/led_blink.dir/home/sharp/pico/pico-sdk/src/common/pico_sync/mutex.c.obj
                0x0000000010000e8c                mutex_init
 .text.recursive_mutex_init
                0x0000000010000ea8       0x1c CMakeFiles/led_blink.dir/home/sharp/pico/pico-sdk/src/common/pico_sync/mutex.c.obj
                0x0000000010000ea8                recursive_mutex_init
 .text.ph_merge_nodes
                0x0000000010000ec4       0x68 CMakeFiles/led_blink.dir/home/sharp/pico/pico-sdk/src/common/pico_util/pheap.c.obj
 .text.ph_post_alloc_init
                0x0000000010000f2c       0x3c CMakeFiles/led_blink.dir/home/sharp/pico/pico-sdk/src/common/pico_util/pheap.c.obj
                0x0000000010000f2c                ph_post_alloc_init
 .text.ph_merge_two_pass
                0x0000000010000f68       0x90 CMakeFiles/led_blink.dir/home/sharp/pico/pico-sdk/src/common/pico_util/pheap.c.obj
                0x0000000010000f68                ph_merge_two_pass
 .text.ph_remove_any_head
                0x0000000010000ff8       0xf8 CMakeFiles/led_blink.dir/home/sharp/pico/pico-sdk/src/common/pico_util/pheap.c.obj
 .text.ph_remove_head
                0x00000000100010f0      0x13c CMakeFiles/led_blink.dir/home/sharp/pico/pico-sdk/src/common/pico_util/pheap.c.obj
                0x00000000100010f0                ph_remove_head
 .text.ph_remove_and_free_node
                0x000000001000122c       0x7c CMakeFiles/led_blink.dir/home/sharp/pico/pico-sdk/src/common/pico_util/pheap.c.obj
                0x000000001000122c                ph_remove_and_free_node
 .text.runtime_init
                0x00000000100012a8       0xf0 CMakeFiles/led_blink.dir/home/sharp/pico/pico-sdk/src/rp2_common/pico_runtime/runtime.c.obj
                0x00000000100012a8                runtime_init
 .text.exit     0x0000000010001398        0x4 CMakeFiles/led_blink.dir/home/sharp/pico/pico-sdk/src/rp2_common/pico_runtime/runtime.c.obj
                0x0000000010001398                exit
 .text.panic    0x000000001000139c       0x30 CMakeFiles/led_blink.dir/home/sharp/pico/pico-sdk/src/rp2_common/pico_runtime/runtime.c.obj
                0x000000001000139c                panic
 .text.hard_assertion_failure
                0x00000000100013cc        0xc CMakeFiles/led_blink.dir/home/sharp/pico/pico-sdk/src/rp2_common/pico_runtime/runtime.c.obj
                0x00000000100013cc                hard_assertion_failure
 .text.clocks_init
                0x00000000100013d8      0x2bc CMakeFiles/led_blink.dir/home/sharp/pico/pico-sdk/src/rp2_common/hardware_clocks/clocks.c.obj
                0x00000000100013d8                clocks_init
 .text.clock_get_hz
                0x0000000010001694        0xc CMakeFiles/led_blink.dir/home/sharp/pico/pico-sdk/src/rp2_common/hardware_clocks/clocks.c.obj
                0x0000000010001694                clock_get_hz
 .text.irq_set_enabled
                0x00000000100016a0       0x24 CMakeFiles/led_blink.dir/home/sharp/pico/pico-sdk/src/rp2_common/hardware_irq/irq.c.obj
                0x00000000100016a0                irq_set_enabled
 .text.irq_get_vtable_handler
                0x00000000100016c4       0x10 CMakeFiles/led_blink.dir/home/sharp/pico/pico-sdk/src/rp2_common/hardware_irq/irq.c.obj
                0x00000000100016c4                irq_get_vtable_handler
 .text.irq_set_exclusive_handler
                0x00000000100016d4       0x54 CMakeFiles/led_blink.dir/home/sharp/pico/pico-sdk/src/rp2_common/hardware_irq/irq.c.obj
                0x00000000100016d4                irq_set_exclusive_handler
 .text.irq_remove_handler
                0x0000000010001728      0x1b4 CMakeFiles/led_blink.dir/home/sharp/pico/pico-sdk/src/rp2_common/hardware_irq/irq.c.obj
                0x0000000010001728                irq_remove_handler
 .text.irq_add_tail_to_free_list
                0x00000000100018dc       0xb8 CMakeFiles/led_blink.dir/home/sharp/pico/pico-sdk/src/rp2_common/hardware_irq/irq.c.obj
                0x00000000100018dc                irq_add_tail_to_free_list
 .text.irq_init_priorities
                0x0000000010001994       0x24 CMakeFiles/led_blink.dir/home/sharp/pico/pico-sdk/src/rp2_common/hardware_irq/irq.c.obj
                0x0000000010001994                irq_init_priorities
 .text.pll_init
                0x00000000100019b8       0xa8 CMakeFiles/led_blink.dir/home/sharp/pico/pico-sdk/src/rp2_common/hardware_pll/pll.c.obj
                0x00000000100019b8                pll_init
 .text.watchdog_start_tick
                0x0000000010001a60       0x10 CMakeFiles/led_blink.dir/home/sharp/pico/pico-sdk/src/rp2_common/hardware_watchdog/watchdog.c.obj
                0x0000000010001a60                watchdog_start_tick
 .text.xosc_init
                0x0000000010001a70       0x28 CMakeFiles/led_blink.dir/home/sharp/pico/pico-sdk/src/rp2_common/hardware_xosc/xosc.c.obj
                0x0000000010001a70                xosc_init
 .text._out_char
                0x0000000010001a98       0x10 CMakeFiles/led_blink.dir/home/sharp/pico/pico-sdk/src/rp2_common/pico_printf/printf.c.obj
 .text.weak_raw_vprintf
                0x0000000010001aa8       0x30 CMakeFiles/led_blink.dir/home/sharp/pico/pico-sdk/src/rp2_common/pico_printf/printf.c.obj
                0x0000000010001aa8                weak_raw_vprintf
 .text          0x0000000010001ad8       0x10 CMakeFiles/led_blink.dir/home/sharp/pico/pico-sdk/src/rp2_common/pico_bit_ops/bit_ops_aeabi.S.obj
 .text.rom_func_lookup
                0x0000000010001ae8       0x10 CMakeFiles/led_blink.dir/home/sharp/pico/pico-sdk/src/rp2_common/pico_bootrom/bootrom.c.obj
                0x0000000010001ae8                rom_func_lookup
 .text.rom_data_lookup
                0x0000000010001af8       0x10 CMakeFiles/led_blink.dir/home/sharp/pico/pico-sdk/src/rp2_common/pico_bootrom/bootrom.c.obj
                0x0000000010001af8                rom_data_lookup
 .text.rom_funcs_lookup
                0x0000000010001b08       0x3c CMakeFiles/led_blink.dir/home/sharp/pico/pico-sdk/src/rp2_common/pico_bootrom/bootrom.c.obj
                0x0000000010001b08                rom_funcs_lookup
 .text.__wrap___aeabi_idiv
                0x0000000010001b44       0x50 CMakeFiles/led_blink.dir/home/sharp/pico/pico-sdk/src/rp2_common/pico_divider/divider.S.obj
                0x0000000010001b44                __wrap___aeabi_idivmod
                0x0000000010001b44                divmod_s32s32
                0x0000000010001b44                div_s32s32
                0x0000000010001b44                __wrap___aeabi_idiv
                0x0000000010001b4c                divmod_s32s32_unsafe
                0x0000000010001b78                divmod_s32s32_savestate
 .text.__wrap___aeabi_uidiv
                0x0000000010001b94       0x4c CMakeFiles/led_blink.dir/home/sharp/pico/pico-sdk/src/rp2_common/pico_divider/divider.S.obj
                0x0000000010001b94                __wrap___aeabi_uidiv
                0x0000000010001b94                __wrap___aeabi_uidivmod
                0x0000000010001b94                div_u32u32
                0x0000000010001b94                divmod_u32u32
                0x0000000010001b9c                divmod_u32u32_unsafe
                0x0000000010001bc4                divmod_u32u32_savestate
 .text.__aeabi_double_init
                0x0000000010001be0       0xc0 CMakeFiles/led_blink.dir/home/sharp/pico/pico-sdk/src/rp2_common/pico_double/double_init_rom.c.obj
                0x0000000010001be0                __aeabi_double_init
 .text.double_table_shim_on_use_helper
                0x0000000010001ca0       0x2c CMakeFiles/led_blink.dir/home/sharp/pico/pico-sdk/src/rp2_common/pico_double/double_v1_rom_shim.S.obj
                0x0000000010001ca0                double_table_shim_on_use_helper
 .text.__aeabi_lmul
                0x0000000010001ccc       0x32 CMakeFiles/led_blink.dir/home/sharp/pico/pico-sdk/src/rp2_common/pico_int64_ops/pico_int64_ops_aeabi.S.obj
                0x0000000010001ccc                __wrap___aeabi_lmul
 *fill*         0x0000000010001cfe        0x2 
 .text.__aeabi_float_init
                0x0000000010001d00       0x64 CMakeFiles/led_blink.dir/home/sharp/pico/pico-sdk/src/rp2_common/pico_float/float_init_rom.c.obj
                0x0000000010001d00                __aeabi_float_init
 .text.float_table_shim_on_use_helper
                0x0000000010001d64       0x2c CMakeFiles/led_blink.dir/home/sharp/pico/pico-sdk/src/rp2_common/pico_float/float_v1_rom_shim.S.obj
                0x0000000010001d64                float_table_shim_on_use_helper
 .text          0x0000000010001d90       0x10 CMakeFiles/led_blink.dir/home/sharp/pico/pico-sdk/src/rp2_common/pico_mem_ops/mem_ops_aeabi.S.obj
                0x0000000010001d90                __aeabi_mem_init
 .text.memset   0x0000000010001da0        0xc CMakeFiles/led_blink.dir/home/sharp/pico/pico-sdk/src/rp2_common/pico_mem_ops/mem_ops_aeabi.S.obj
                0x0000000010001da0                __wrap_memset
 .text.memcpy   0x0000000010001dac        0xc CMakeFiles/led_blink.dir/home/sharp/pico/pico-sdk/src/rp2_common/pico_mem_ops/mem_ops_aeabi.S.obj
                0x0000000010001dac                __wrap___aeabi_memcpy
                0x0000000010001dac                __wrap_memcpy
 .text.stdio_out_chars_no_crlf
                0x0000000010001db8       0x10 CMakeFiles/led_blink.dir/home/sharp/pico/pico-sdk/src/rp2_common/pico_stdio/stdio.c.obj
 .text.stdio_out_chars_crlf
                0x0000000010001dc8       0x94 CMakeFiles/led_blink.dir/home/sharp/pico/pico-sdk/src/rp2_common/pico_stdio/stdio.c.obj
 .text.stdio_put_string
                0x0000000010001e5c      0x100 CMakeFiles/led_blink.dir/home/sharp/pico/pico-sdk/src/rp2_common/pico_stdio/stdio.c.obj
 .text.__wrap_putchar
                0x0000000010001f5c       0xa4 CMakeFiles/led_blink.dir/home/sharp/pico/pico-sdk/src/rp2_common/pico_stdio/stdio.c.obj
                0x0000000010001f5c                __wrap_putchar
 .text.__wrap_puts
                0x0000000010002000       0x3c CMakeFiles/led_blink.dir/home/sharp/pico/pico-sdk/src/rp2_common/pico_stdio/stdio.c.obj
                0x0000000010002000                __wrap_puts
 .text.stdio_set_driver_enabled
                0x000000001000203c       0x30 CMakeFiles/led_blink.dir/home/sharp/pico/pico-sdk/src/rp2_common/pico_stdio/stdio.c.obj
                0x000000001000203c                stdio_set_driver_enabled
 .text.stdio_init_all
                0x000000001000206c        0x8 CMakeFiles/led_blink.dir/home/sharp/pico/pico-sdk/src/rp2_common/pico_stdio/stdio.c.obj
                0x000000001000206c                stdio_init_all
 .text.stdio_uart_out_chars
                0x0000000010002074       0x4c CMakeFiles/led_blink.dir/home/sharp/pico/pico-sdk/src/rp2_common/pico_stdio_uart/stdio_uart.c.obj
 .text.stdio_uart_in_chars
                0x00000000100020c0       0x38 CMakeFiles/led_blink.dir/home/sharp/pico/pico-sdk/src/rp2_common/pico_stdio_uart/stdio_uart.c.obj
                0x00000000100020c0                stdio_uart_in_chars
 .text.stdio_uart_init
                0x00000000100020f8       0x48 CMakeFiles/led_blink.dir/home/sharp/pico/pico-sdk/src/rp2_common/pico_stdio_uart/stdio_uart.c.obj
                0x00000000100020f8                stdio_uart_init
 .text.i2c_set_baudrate
                0x0000000010002140       0xc4 CMakeFiles/led_blink.dir/home/sharp/pico/pico-sdk/src/rp2_common/hardware_i2c/i2c.c.obj
                0x0000000010002140                i2c_set_baudrate
 .text.i2c_init
                0x0000000010002204       0x54 CMakeFiles/led_blink.dir/home/sharp/pico/pico-sdk/src/rp2_common/hardware_i2c/i2c.c.obj
                0x0000000010002204                i2c_init
 .text.i2c_write_blocking
                0x0000000010002258       0xd8 CMakeFiles/led_blink.dir/home/sharp/pico/pico-sdk/src/rp2_common/hardware_i2c/i2c.c.obj
                0x0000000010002258                i2c_write_blocking
 .text.i2c_read_blocking
                0x0000000010002330       0x9c CMakeFiles/led_blink.dir/home/sharp/pico/pico-sdk/src/rp2_common/hardware_i2c/i2c.c.obj
                0x0000000010002330                i2c_read_blocking
 .text._Z6blinkyv
                0x00000000100023cc       0x28 ../src/libqwiicAlphanumeric.a(SparkFun_Alphanumeric_Display.cpp.obj)
                0x00000000100023cc                blinky()
 .text._ZN7HT16K3311isConnectedEh
                0x00000000100023f4       0xa4 ../src/libqwiicAlphanumeric.a(SparkFun_Alphanumeric_Display.cpp.obj)
                0x00000000100023f4                HT16K33::isConnected(unsigned char)
 .text._ZN7HT16K339displayOnEv
                0x0000000010002498       0xb0 ../src/libqwiicAlphanumeric.a(SparkFun_Alphanumeric_Display.cpp.obj)
                0x0000000010002498                HT16K33::displayOn()
 .text._ZN7HT16K3310initializeEv
                0x0000000010002548      0x1a0 ../src/libqwiicAlphanumeric.a(SparkFun_Alphanumeric_Display.cpp.obj)
                0x0000000010002548                HT16K33::initialize()
 .text._ZN7HT16K3312writeDataRamEh
                0x00000000100026e8       0x70 ../src/libqwiicAlphanumeric.a(SparkFun_Alphanumeric_Display.cpp.obj)
                0x00000000100026e8                HT16K33::writeDataRam(unsigned char)
 .text._ZN7HT16K335beginEhhhhP8i2c_inst
                0x0000000010002758       0xcc ../src/libqwiicAlphanumeric.a(SparkFun_Alphanumeric_Display.cpp.obj)
                0x0000000010002758                HT16K33::begin(unsigned char, unsigned char, unsigned char, unsigned char, i2c_inst*)
 .text._ZN7HT16K339printCharEhh
                0x0000000010002824      0x264 ../src/libqwiicAlphanumeric.a(SparkFun_Alphanumeric_Display.cpp.obj)
                0x0000000010002824                HT16K33::printChar(unsigned char, unsigned char)
 .text._ZN7HT16K335writeEPKhj
                0x0000000010002a88      0x11c ../src/libqwiicAlphanumeric.a(SparkFun_Alphanumeric_Display.cpp.obj)
                0x0000000010002a88                HT16K33::write(unsigned char const*, unsigned int)
 .text._ZN7HT16K3315writeLongBufferEPhj
                0x0000000010002ba4       0x48 ../src/libqwiicAlphanumeric.a(SparkFun_Alphanumeric_Display.cpp.obj)
                0x0000000010002ba4                HT16K33::writeLongBuffer(unsigned char*, unsigned int)
 .text          0x0000000010002bec       0x68 /usr/lib/gcc/arm-none-eabi/9.2.1/../../../arm-none-eabi/lib/thumb/v6-m/nofp/libc.a(lib_a-strlen-stub.o)
                0x0000000010002bec                strlen
 *(.fini)
 .fini          0x0000000010002c54        0x4 /usr/lib/gcc/arm-none-eabi/9.2.1/thumb/v6-m/nofp/crti.o
                0x0000000010002c54                _fini
 .fini.__stub   0x0000000010002c58       0x40 linker stubs
 *crtbegin.o(.ctors)
 *crtbegin?.o(.ctors)
 *(EXCLUDE_FILE(*crtend.o *crtend?.o) .ctors)
 *(SORT_BY_NAME(.ctors.*))
 *(.ctors)
 *crtbegin.o(.dtors)
 *crtbegin?.o(.dtors)
 *(EXCLUDE_FILE(*crtend.o *crtend?.o) .dtors)
 *(SORT_BY_NAME(.dtors.*))
 *(.dtors)
 *(.eh_frame*)
 .eh_frame      0x0000000010002c98        0x0 /usr/lib/gcc/arm-none-eabi/9.2.1/thumb/v6-m/nofp/crtbegin.o
                0x0000000010002c98                . = ALIGN (0x4)

.glue_7         0x0000000010002c98        0x0
 .glue_7        0x0000000010002c98        0x0 linker stubs

.glue_7t        0x0000000010002c98        0x0
 .glue_7t       0x0000000010002c98        0x0 linker stubs

.vfp11_veneer   0x0000000010002c98        0x0
 .vfp11_veneer  0x0000000010002c98        0x0 linker stubs

.v4_bx          0x0000000010002c98        0x0
 .v4_bx         0x0000000010002c98        0x0 linker stubs

.iplt           0x0000000010002c98        0x0
 .iplt          0x0000000010002c98        0x0 /usr/lib/gcc/arm-none-eabi/9.2.1/thumb/v6-m/nofp/crtbegin.o

.rodata         0x0000000010002c98      0x230
 *(EXCLUDE_FILE(*libm.a: *libc.a:*lib_a-mem*.o *libgcc.a:) .rodata*)
 .rodata.main.str1.4
                0x0000000010002c98       0x67 CMakeFiles/led_blink.dir/led_blink.cpp.obj
 *fill*         0x0000000010002cff        0x1 
 .rodata        0x0000000010002d00       0x11 CMakeFiles/led_blink.dir/led_blink.cpp.obj
 *fill*         0x0000000010002d11        0x3 
 .rodata._ZZ4mainE7__bi_27
                0x0000000010002d14        0x8 CMakeFiles/led_blink.dir/led_blink.cpp.obj
 .rodata.hardware_alarm_claim.str1.4
                0x0000000010002d1c       0x22 CMakeFiles/led_blink.dir/home/sharp/pico/pico-sdk/src/rp2_common/hardware_timer/timer.c.obj
 *fill*         0x0000000010002d3e        0x2 
 .rodata.panic.str1.4
                0x0000000010002d40       0x12 CMakeFiles/led_blink.dir/home/sharp/pico/pico-sdk/src/rp2_common/pico_runtime/runtime.c.obj
 *fill*         0x0000000010002d52        0x2 
 .rodata.hard_assertion_failure.str1.4
                0x0000000010002d54        0xc CMakeFiles/led_blink.dir/home/sharp/pico/pico-sdk/src/rp2_common/pico_runtime/runtime.c.obj
 .rodata.str1.4
                0x0000000010002d60       0x40 CMakeFiles/led_blink.dir/home/sharp/pico/pico-sdk/src/rp2_common/pico_standard_link/binary_info.c.obj
 .rodata.__bi_44
                0x0000000010002da0        0xc CMakeFiles/led_blink.dir/home/sharp/pico/pico-sdk/src/rp2_common/pico_standard_link/binary_info.c.obj
 .rodata.__bi_75
                0x0000000010002dac        0xc CMakeFiles/led_blink.dir/home/sharp/pico/pico-sdk/src/rp2_common/pico_standard_link/binary_info.c.obj
 .rodata.__bi_81
                0x0000000010002db8        0xc CMakeFiles/led_blink.dir/home/sharp/pico/pico-sdk/src/rp2_common/pico_standard_link/binary_info.c.obj
 .rodata.crlf_str.6057
                0x0000000010002dc4        0x2 CMakeFiles/led_blink.dir/home/sharp/pico/pico-sdk/src/rp2_common/pico_stdio/stdio.c.obj
 *fill*         0x0000000010002dc6        0x2 
 .rodata.str1.4
                0x0000000010002dc8       0x2c CMakeFiles/led_blink.dir/home/sharp/pico/pico-sdk/src/rp2_common/pico_stdio_uart/stdio_uart.c.obj
 .rodata.__bi_28.4771
                0x0000000010002df4        0xc CMakeFiles/led_blink.dir/home/sharp/pico/pico-sdk/src/rp2_common/pico_stdio_uart/stdio_uart.c.obj
 .rodata.__bi_29.4775
                0x0000000010002e00        0x8 CMakeFiles/led_blink.dir/home/sharp/pico/pico-sdk/src/rp2_common/pico_stdio_uart/stdio_uart.c.obj
 .rodata._ZL17alphanumeric_segs
                0x0000000010002e08       0xc0 ../src/libqwiicAlphanumeric.a(SparkFun_Alphanumeric_Display.cpp.obj)
                0x0000000010002ec8                . = ALIGN (0x4)
 *(SORT_BY_ALIGNMENT(SORT_BY_NAME(.flashdata*)))
                0x0000000010002ec8                . = ALIGN (0x4)

.rel.dyn        0x0000000010002ec8        0x0
 .rel.iplt      0x0000000010002ec8        0x0 /usr/lib/gcc/arm-none-eabi/9.2.1/thumb/v6-m/nofp/crtbegin.o

.ARM.extab
 *(.ARM.extab* .gnu.linkonce.armextab.*)
                0x0000000010002ec8                __exidx_start = .

.ARM.exidx
 *(.ARM.exidx* .gnu.linkonce.armexidx.*)
                0x0000000010002ec8                __exidx_end = .
                0x0000000010002ec8                . = ALIGN (0x4)
                0x0000000010002ec8                __binary_info_start = .

.binary_info    0x0000000010002ec8       0x28
 *(.binary_info.keep.*)
 .binary_info.keep.__bi_ptr27
                0x0000000010002ec8        0x4 CMakeFiles/led_blink.dir/led_blink.cpp.obj
 .binary_info.keep.__bi_ptr22
                0x0000000010002ecc        0x4 CMakeFiles/led_blink.dir/home/sharp/pico/pico-sdk/src/rp2_common/pico_standard_link/binary_info.c.obj
 .binary_info.keep.__bi_ptr30
                0x0000000010002ed0        0x4 CMakeFiles/led_blink.dir/home/sharp/pico/pico-sdk/src/rp2_common/pico_standard_link/binary_info.c.obj
 .binary_info.keep.__bi_ptr38
                0x0000000010002ed4        0x4 CMakeFiles/led_blink.dir/home/sharp/pico/pico-sdk/src/rp2_common/pico_standard_link/binary_info.c.obj
 .binary_info.keep.__bi_ptr44
                0x0000000010002ed8        0x4 CMakeFiles/led_blink.dir/home/sharp/pico/pico-sdk/src/rp2_common/pico_standard_link/binary_info.c.obj
 .binary_info.keep.__bi_ptr50
                0x0000000010002edc        0x4 CMakeFiles/led_blink.dir/home/sharp/pico/pico-sdk/src/rp2_common/pico_standard_link/binary_info.c.obj
 .binary_info.keep.__bi_ptr75
                0x0000000010002ee0        0x4 CMakeFiles/led_blink.dir/home/sharp/pico/pico-sdk/src/rp2_common/pico_standard_link/binary_info.c.obj
 .binary_info.keep.__bi_ptr81
                0x0000000010002ee4        0x4 CMakeFiles/led_blink.dir/home/sharp/pico/pico-sdk/src/rp2_common/pico_standard_link/binary_info.c.obj
 *(.binary_info.*)
 .binary_info.__bi_ptr28
                0x0000000010002ee8        0x4 CMakeFiles/led_blink.dir/home/sharp/pico/pico-sdk/src/rp2_common/pico_stdio_uart/stdio_uart.c.obj
 .binary_info.__bi_ptr29
                0x0000000010002eec        0x4 CMakeFiles/led_blink.dir/home/sharp/pico/pico-sdk/src/rp2_common/pico_stdio_uart/stdio_uart.c.obj
                0x0000000010002ef0                __binary_info_end = .
                0x0000000010002ef0                . = ALIGN (0x4)
                0x0000000010002ef0                __etext = .

.ram_vector_table
                0x0000000020000000       0xc0
 *(.ram_vector_table)
 .ram_vector_table
                0x0000000020000000       0xc0 CMakeFiles/led_blink.dir/home/sharp/pico/pico-sdk/src/rp2_common/pico_runtime/runtime.c.obj
                0x0000000020000000                ram_vector_table

.data           0x00000000200000c0      0x188 load address 0x0000000010002ef0
                0x00000000200000c0                __data_start__ = .
 *(vtable)
 *(.time_critical*)
 .time_critical.mutex_enter_blocking
                0x00000000200000c0       0x48 CMakeFiles/led_blink.dir/home/sharp/pico/pico-sdk/src/common/pico_sync/mutex.c.obj
                0x00000000200000c0                mutex_enter_blocking
 .time_critical.mutex_try_enter
                0x0000000020000108       0x48 CMakeFiles/led_blink.dir/home/sharp/pico/pico-sdk/src/common/pico_sync/mutex.c.obj
                0x0000000020000108                mutex_try_enter
 .time_critical.mutex_exit
                0x0000000020000150       0x28 CMakeFiles/led_blink.dir/home/sharp/pico/pico-sdk/src/common/pico_sync/mutex.c.obj
                0x0000000020000150                mutex_exit
 *(.text*)
 .text          0x0000000020000178        0x4 /usr/lib/gcc/arm-none-eabi/9.2.1/thumb/v6-m/nofp/libgcc.a(_dvmd_tls.o)
                0x0000000020000178                __aeabi_ldiv0
                0x0000000020000178                __aeabi_idiv0
                0x000000002000017c                . = ALIGN (0x4)
 *(.rodata*)
                0x000000002000017c                . = ALIGN (0x4)
 *(.data*)
 .data._ZZ4mainE10runForever
                0x000000002000017c        0x1 CMakeFiles/led_blink.dir/led_blink.cpp.obj
 .data.striped_spin_lock_num
                0x000000002000017d        0x1 CMakeFiles/led_blink.dir/home/sharp/pico/pico-sdk/src/rp2_common/hardware_sync/sync.c.obj
 *fill*         0x000000002000017e        0x2 
 .data.default_alarm_pool
                0x0000000020000180       0x18 CMakeFiles/led_blink.dir/home/sharp/pico/pico-sdk/src/common/pico_time/time.c.obj
 .data.default_alarm_pool_heap
                0x0000000020000198       0x10 CMakeFiles/led_blink.dir/home/sharp/pico/pico-sdk/src/common/pico_time/time.c.obj
 .data          0x00000000200001a8       0x48 CMakeFiles/led_blink.dir/home/sharp/pico/pico-sdk/src/rp2_common/hardware_irq/irq_handler_chain.S.obj
                0x00000000200001a8                irq_handler_chain_slots
                0x00000000200001d8                irq_handler_chain_first_slot
                0x00000000200001e2                irq_handler_chain_remove_tail
 .data.aeabi_bits_funcs
                0x00000000200001f0       0x10 CMakeFiles/led_blink.dir/home/sharp/pico/pico-sdk/src/rp2_common/pico_bit_ops/bit_ops_aeabi.S.obj
                0x00000000200001f0                aeabi_bits_funcs
                0x0000000020000200                aeabi_bits_funcs_end
 .data.aeabi_mem_funcs
                0x0000000020000200       0x10 CMakeFiles/led_blink.dir/home/sharp/pico/pico-sdk/src/rp2_common/pico_mem_ops/mem_ops_aeabi.S.obj
                0x0000000020000200                aeabi_mem_funcs
                0x0000000020000210                aeabi_mem_funcs_end
 .data.stdio_uart
                0x0000000020000210       0x14 CMakeFiles/led_blink.dir/home/sharp/pico/pico-sdk/src/rp2_common/pico_stdio_uart/stdio_uart.c.obj
                0x0000000020000210                stdio_uart
 .data.i2c0_inst
                0x0000000020000224        0x8 CMakeFiles/led_blink.dir/home/sharp/pico/pico-sdk/src/rp2_common/hardware_i2c/i2c.c.obj
                0x0000000020000224                i2c0_inst
                0x000000002000022c                . = ALIGN (0x4)
 *(.after_data.*)
                0x000000002000022c                . = ALIGN (0x4)
                0x000000002000022c                PROVIDE (__mutex_array_start = .)
 *(SORT_BY_NAME(.mutex_array.*))
 *(.mutex_array)
 .mutex_array   0x000000002000022c        0x8 CMakeFiles/led_blink.dir/home/sharp/pico/pico-sdk/src/rp2_common/pico_stdio/stdio.c.obj
                0x0000000020000234                PROVIDE (__mutex_array_end = .)
                0x0000000020000234                . = ALIGN (0x4)
                0x0000000020000234                PROVIDE (__preinit_array_start = .)
 *(SORT_BY_NAME(.preinit_array.*))
 .preinit_array.00001
                0x0000000020000234        0x4 CMakeFiles/led_blink.dir/home/sharp/pico/pico-sdk/src/rp2_common/pico_mem_ops/mem_ops_aeabi.S.obj
 .preinit_array.00010
                0x0000000020000238        0x4 CMakeFiles/led_blink.dir/home/sharp/pico/pico-sdk/src/rp2_common/pico_bit_ops/bit_ops_aeabi.S.obj
 .preinit_array.00020
                0x000000002000023c        0x4 CMakeFiles/led_blink.dir/home/sharp/pico/pico-sdk/src/rp2_common/pico_double/double_aeabi.S.obj
 .preinit_array.00020
                0x0000000020000240        0x4 CMakeFiles/led_blink.dir/home/sharp/pico/pico-sdk/src/rp2_common/pico_float/float_aeabi.S.obj
 *(.preinit_array)
                0x0000000020000244                PROVIDE (__preinit_array_end = .)
                0x0000000020000244                . = ALIGN (0x4)
                0x0000000020000244                PROVIDE (__init_array_start = .)
 *(SORT_BY_NAME(.init_array.*))
 *(.init_array)
 .init_array    0x0000000020000244        0x4 /usr/lib/gcc/arm-none-eabi/9.2.1/thumb/v6-m/nofp/crtbegin.o
                0x0000000020000248                PROVIDE (__init_array_end = .)
                0x0000000020000248                . = ALIGN (0x4)
                0x0000000020000248                PROVIDE (__fini_array_start = .)
 *(SORT_BY_NAME(.fini_array.*))
 *(.fini_array)
                0x0000000020000248                PROVIDE (__fini_array_end = .)
 *(.jcr)
                0x0000000020000248                . = ALIGN (0x4)
                0x0000000020000248                __data_end__ = .

.tm_clone_table
                0x0000000020000248        0x0 load address 0x0000000010003078
 .tm_clone_table
                0x0000000020000248        0x0 /usr/lib/gcc/arm-none-eabi/9.2.1/thumb/v6-m/nofp/crtbegin.o
 .tm_clone_table
                0x0000000020000248        0x0 /usr/lib/gcc/arm-none-eabi/9.2.1/thumb/v6-m/nofp/crtend.o

.igot.plt       0x0000000020000248        0x0 load address 0x0000000010003078
 .igot.plt      0x0000000020000248        0x0 /usr/lib/gcc/arm-none-eabi/9.2.1/thumb/v6-m/nofp/crtbegin.o

.uninitialized_data
                0x0000000020000248        0x0 load address 0x0000000010003078
                0x0000000020000248                . = ALIGN (0x4)
 *(.uninitialized_data*)

.scratch_x      0x0000000020040000        0x0 load address 0x0000000010003078
                0x0000000020040000                __scratch_x_start__ = .
 *(.scratch_x.*)
                0x0000000020040000                . = ALIGN (0x4)
                0x0000000020040000                __scratch_x_end__ = .
                0x0000000010003078                __scratch_x_source__ = LOADADDR (.scratch_x)

.scratch_y      0x0000000020041000        0x0 load address 0x0000000010003078
                0x0000000020041000                __scratch_y_start__ = .
 *(.scratch_y.*)
                0x0000000020041000                . = ALIGN (0x4)
                0x0000000020041000                __scratch_y_end__ = .
                0x0000000010003078                __scratch_y_source__ = LOADADDR (.scratch_y)

.bss            0x0000000020000248      0x3d4
                0x0000000020000248                . = ALIGN (0x4)
                0x0000000020000248                __bss_start__ = .
 *(SORT_BY_ALIGNMENT(SORT_BY_NAME(.bss*)))
 .bss.default_alarm_pool_entries
                0x0000000020000248      0x100 CMakeFiles/led_blink.dir/home/sharp/pico/pico-sdk/src/common/pico_time/time.c.obj
 .bss           0x0000000020000348       0x1c /usr/lib/gcc/arm-none-eabi/9.2.1/thumb/v6-m/nofp/crtbegin.o
 .bss.alarm_callbacks
                0x0000000020000364       0x10 CMakeFiles/led_blink.dir/home/sharp/pico/pico-sdk/src/rp2_common/hardware_timer/timer.c.obj
 .bss.configured_freq
                0x0000000020000374       0x28 CMakeFiles/led_blink.dir/home/sharp/pico/pico-sdk/src/rp2_common/hardware_clocks/clocks.c.obj
 .bss.default_alarm_pool_entry_ids_high
                0x000000002000039c       0x10 CMakeFiles/led_blink.dir/home/sharp/pico/pico-sdk/src/common/pico_time/time.c.obj
 .bss.default_alarm_pool_heap_nodes
                0x00000000200003ac       0x30 CMakeFiles/led_blink.dir/home/sharp/pico/pico-sdk/src/common/pico_time/time.c.obj
 .bss.drivers   0x00000000200003dc        0x4 CMakeFiles/led_blink.dir/home/sharp/pico/pico-sdk/src/rp2_common/pico_stdio/stdio.c.obj
 .bss.filter    0x00000000200003e0        0x4 CMakeFiles/led_blink.dir/home/sharp/pico/pico-sdk/src/rp2_common/pico_stdio/stdio.c.obj
 .bss.lazy_vsnprintf
                0x00000000200003e4        0x4 CMakeFiles/led_blink.dir/home/sharp/pico/pico-sdk/src/rp2_common/pico_printf/printf.c.obj
 .bss.pools     0x00000000200003e8       0x10 CMakeFiles/led_blink.dir/home/sharp/pico/pico-sdk/src/common/pico_time/time.c.obj
 .bss.sf_clz_func
                0x00000000200003f8        0x4 CMakeFiles/led_blink.dir/home/sharp/pico/pico-sdk/src/rp2_common/pico_double/double_init_rom.c.obj
                0x00000000200003f8                sf_clz_func
 .bss.sleep_notifier
                0x00000000200003fc        0x4 CMakeFiles/led_blink.dir/home/sharp/pico/pico-sdk/src/common/pico_time/time.c.obj
 .bss.target_hi
                0x0000000020000400       0x10 CMakeFiles/led_blink.dir/home/sharp/pico/pico-sdk/src/rp2_common/hardware_timer/timer.c.obj
 .bss.uart_instance
                0x0000000020000410        0x4 CMakeFiles/led_blink.dir/home/sharp/pico/pico-sdk/src/rp2_common/pico_stdio_uart/stdio_uart.c.obj
 .bss.claimed   0x0000000020000414        0x1 CMakeFiles/led_blink.dir/home/sharp/pico/pico-sdk/src/rp2_common/hardware_timer/timer.c.obj
 .bss.irq_hander_chain_free_slot_head
                0x0000000020000415        0x1 CMakeFiles/led_blink.dir/home/sharp/pico/pico-sdk/src/rp2_common/hardware_irq/irq.c.obj
 .bss.timer_callbacks_pending
                0x0000000020000416        0x1 CMakeFiles/led_blink.dir/home/sharp/pico/pico-sdk/src/rp2_common/hardware_timer/timer.c.obj
 *(COMMON)
 *fill*         0x0000000020000417        0x1 
 COMMON         0x0000000020000418        0x4 CMakeFiles/led_blink.dir/home/sharp/pico/pico-sdk/src/rp2_common/hardware_uart/uart.c.obj
                0x0000000020000418                uart_char_to_line_feed
 COMMON         0x000000002000041c      0x100 CMakeFiles/led_blink.dir/home/sharp/pico/pico-sdk/src/rp2_common/pico_double/double_init_rom.c.obj
                0x000000002000041c                sd_table
 COMMON         0x000000002000051c      0x100 CMakeFiles/led_blink.dir/home/sharp/pico/pico-sdk/src/rp2_common/pico_float/float_init_rom.c.obj
                0x000000002000051c                sf_table
                0x000000002000061c                . = ALIGN (0x4)
                0x000000002000061c                __bss_end__ = .

.heap           0x000000002000061c      0x800
                0x000000002000061c                __end__ = .
                0x000000002000061c                end = __end__
 *(.heap*)
 .heap          0x000000002000061c      0x800 CMakeFiles/led_blink.dir/home/sharp/pico/pico-sdk/src/rp2_common/pico_standard_link/crt0.S.obj
                0x0000000020000e1c                __HeapLimit = .

.stack1_dummy   0x0000000020040000        0x0
 *(.stack1*)

.stack_dummy    0x0000000020041000      0x800
 *(.stack*)
 .stack         0x0000000020041000      0x800 CMakeFiles/led_blink.dir/home/sharp/pico/pico-sdk/src/rp2_common/pico_standard_link/crt0.S.obj

.flash_end      0x0000000010003078        0x0
                0x0000000010003078                __flash_binary_end = .
                0x0000000020040000                __StackLimit = (ORIGIN (RAM) + LENGTH (RAM))
                0x0000000020041000                __StackOneTop = (ORIGIN (SCRATCH_X) + LENGTH (SCRATCH_X))
                0x0000000020042000                __StackTop = (ORIGIN (SCRATCH_Y) + LENGTH (SCRATCH_Y))
                0x0000000020041000                __StackOneBottom = (__StackOneTop - SIZEOF (.stack1_dummy))
                0x0000000020041800                __StackBottom = (__StackTop - SIZEOF (.stack_dummy))
                0x0000000020042000                PROVIDE (__stack = __StackTop)
                0x0000000000000001                ASSERT ((__StackLimit >= __HeapLimit), region RAM overflowed)
                0x0000000000000001                ASSERT (((__binary_info_header_end - __logical_binary_start) <= 0x100), Binary info must be in first 256 bytes of the binary)
LOAD CMakeFiles/led_blink.dir/led_blink.cpp.obj
LOAD CMakeFiles/led_blink.dir/home/sharp/pico/pico-sdk/src/rp2_common/pico_stdlib/stdlib.c.obj
LOAD CMakeFiles/led_blink.dir/home/sharp/pico/pico-sdk/src/rp2_common/hardware_gpio/gpio.c.obj
LOAD CMakeFiles/led_blink.dir/home/sharp/pico/pico-sdk/src/rp2_common/hardware_claim/claim.c.obj
LOAD CMakeFiles/led_blink.dir/home/sharp/pico/pico-sdk/src/rp2_common/pico_platform/platform.c.obj
LOAD CMakeFiles/led_blink.dir/home/sharp/pico/pico-sdk/src/rp2_common/hardware_sync/sync.c.obj
LOAD CMakeFiles/led_blink.dir/home/sharp/pico/pico-sdk/src/rp2_common/hardware_uart/uart.c.obj
LOAD CMakeFiles/led_blink.dir/home/sharp/pico/pico-sdk/src/rp2_common/hardware_divider/divider.S.obj
LOAD CMakeFiles/led_blink.dir/home/sharp/pico/pico-sdk/src/common/pico_time/time.c.obj
LOAD CMakeFiles/led_blink.dir/home/sharp/pico/pico-sdk/src/common/pico_time/timeout_helper.c.obj
LOAD CMakeFiles/led_blink.dir/home/sharp/pico/pico-sdk/src/rp2_common/hardware_timer/timer.c.obj
LOAD CMakeFiles/led_blink.dir/home/sharp/pico/pico-sdk/src/common/pico_sync/sem.c.obj
LOAD CMakeFiles/led_blink.dir/home/sharp/pico/pico-sdk/src/common/pico_sync/lock_core.c.obj
LOAD CMakeFiles/led_blink.dir/home/sharp/pico/pico-sdk/src/common/pico_sync/mutex.c.obj
LOAD CMakeFiles/led_blink.dir/home/sharp/pico/pico-sdk/src/common/pico_sync/critical_section.c.obj
LOAD CMakeFiles/led_blink.dir/home/sharp/pico/pico-sdk/src/common/pico_util/datetime.c.obj
LOAD CMakeFiles/led_blink.dir/home/sharp/pico/pico-sdk/src/common/pico_util/pheap.c.obj
LOAD CMakeFiles/led_blink.dir/home/sharp/pico/pico-sdk/src/common/pico_util/queue.c.obj
LOAD CMakeFiles/led_blink.dir/home/sharp/pico/pico-sdk/src/rp2_common/pico_runtime/runtime.c.obj
LOAD CMakeFiles/led_blink.dir/home/sharp/pico/pico-sdk/src/rp2_common/hardware_clocks/clocks.c.obj
LOAD CMakeFiles/led_blink.dir/home/sharp/pico/pico-sdk/src/rp2_common/hardware_irq/irq.c.obj
LOAD CMakeFiles/led_blink.dir/home/sharp/pico/pico-sdk/src/rp2_common/hardware_irq/irq_handler_chain.S.obj
LOAD CMakeFiles/led_blink.dir/home/sharp/pico/pico-sdk/src/rp2_common/hardware_pll/pll.c.obj
LOAD CMakeFiles/led_blink.dir/home/sharp/pico/pico-sdk/src/rp2_common/hardware_vreg/vreg.c.obj
LOAD CMakeFiles/led_blink.dir/home/sharp/pico/pico-sdk/src/rp2_common/hardware_watchdog/watchdog.c.obj
LOAD CMakeFiles/led_blink.dir/home/sharp/pico/pico-sdk/src/rp2_common/hardware_xosc/xosc.c.obj
LOAD CMakeFiles/led_blink.dir/home/sharp/pico/pico-sdk/src/rp2_common/pico_printf/printf.c.obj
LOAD CMakeFiles/led_blink.dir/home/sharp/pico/pico-sdk/src/rp2_common/pico_bit_ops/bit_ops_aeabi.S.obj
LOAD CMakeFiles/led_blink.dir/home/sharp/pico/pico-sdk/src/rp2_common/pico_bootrom/bootrom.c.obj
LOAD CMakeFiles/led_blink.dir/home/sharp/pico/pico-sdk/src/rp2_common/pico_divider/divider.S.obj
LOAD CMakeFiles/led_blink.dir/home/sharp/pico/pico-sdk/src/rp2_common/pico_double/double_aeabi.S.obj
LOAD CMakeFiles/led_blink.dir/home/sharp/pico/pico-sdk/src/rp2_common/pico_double/double_init_rom.c.obj
LOAD CMakeFiles/led_blink.dir/home/sharp/pico/pico-sdk/src/rp2_common/pico_double/double_math.c.obj
LOAD CMakeFiles/led_blink.dir/home/sharp/pico/pico-sdk/src/rp2_common/pico_double/double_v1_rom_shim.S.obj
LOAD CMakeFiles/led_blink.dir/home/sharp/pico/pico-sdk/src/rp2_common/pico_int64_ops/pico_int64_ops_aeabi.S.obj
LOAD CMakeFiles/led_blink.dir/home/sharp/pico/pico-sdk/src/rp2_common/pico_float/float_aeabi.S.obj
LOAD CMakeFiles/led_blink.dir/home/sharp/pico/pico-sdk/src/rp2_common/pico_float/float_init_rom.c.obj
LOAD CMakeFiles/led_blink.dir/home/sharp/pico/pico-sdk/src/rp2_common/pico_float/float_math.c.obj
LOAD CMakeFiles/led_blink.dir/home/sharp/pico/pico-sdk/src/rp2_common/pico_float/float_v1_rom_shim.S.obj
LOAD CMakeFiles/led_blink.dir/home/sharp/pico/pico-sdk/src/rp2_common/pico_malloc/pico_malloc.c.obj
LOAD CMakeFiles/led_blink.dir/home/sharp/pico/pico-sdk/src/rp2_common/pico_mem_ops/mem_ops_aeabi.S.obj
LOAD CMakeFiles/led_blink.dir/home/sharp/pico/pico-sdk/src/rp2_common/pico_standard_link/crt0.S.obj
LOAD CMakeFiles/led_blink.dir/home/sharp/pico/pico-sdk/src/rp2_common/pico_standard_link/new_delete.cpp.obj
LOAD CMakeFiles/led_blink.dir/home/sharp/pico/pico-sdk/src/rp2_common/pico_standard_link/binary_info.c.obj
LOAD CMakeFiles/led_blink.dir/home/sharp/pico/pico-sdk/src/rp2_common/pico_stdio/stdio.c.obj
LOAD CMakeFiles/led_blink.dir/home/sharp/pico/pico-sdk/src/rp2_common/pico_stdio_uart/stdio_uart.c.obj
LOAD CMakeFiles/led_blink.dir/home/sharp/pico/pico-sdk/src/rp2_common/hardware_i2c/i2c.c.obj
LOAD ../src/libqwiicAlphanumeric.a
LOAD /tmp/ccOyTL0T.o
LOAD /usr/lib/gcc/arm-none-eabi/9.2.1/../../../arm-none-eabi/lib/thumb/v6-m/nofp/libstdc++.a
LOAD /usr/lib/gcc/arm-none-eabi/9.2.1/../../../arm-none-eabi/lib/thumb/v6-m/nofp/libm.a
START GROUP
LOAD /usr/lib/gcc/arm-none-eabi/9.2.1/thumb/v6-m/nofp/libgcc.a
LOAD /usr/lib/gcc/arm-none-eabi/9.2.1/../../../arm-none-eabi/lib/thumb/v6-m/nofp/libc.a
END GROUP
START GROUP
LOAD /usr/lib/gcc/arm-none-eabi/9.2.1/thumb/v6-m/nofp/libgcc.a
LOAD /usr/lib/gcc/arm-none-eabi/9.2.1/../../../arm-none-eabi/lib/thumb/v6-m/nofp/libc.a
LOAD /usr/lib/gcc/arm-none-eabi/9.2.1/../../../arm-none-eabi/lib/thumb/v6-m/nofp/libnosys.a
END GROUP
LOAD /usr/lib/gcc/arm-none-eabi/9.2.1/thumb/v6-m/nofp/crtend.o
LOAD /usr/lib/gcc/arm-none-eabi/9.2.1/thumb/v6-m/nofp/crtn.o
OUTPUT(led_blink.elf elf32-littlearm)
LOAD linker stubs

.ARM.attributes
                0x0000000000000000       0x28
 .ARM.attributes
                0x0000000000000000       0x1e /usr/lib/gcc/arm-none-eabi/9.2.1/thumb/v6-m/nofp/crti.o
 .ARM.attributes
                0x000000000000001e       0x2c /usr/lib/gcc/arm-none-eabi/9.2.1/thumb/v6-m/nofp/crtbegin.o
 .ARM.attributes
                0x000000000000004a       0x2c CMakeFiles/led_blink.dir/led_blink.cpp.obj
 .ARM.attributes
                0x0000000000000076       0x2c CMakeFiles/led_blink.dir/home/sharp/pico/pico-sdk/src/rp2_common/hardware_gpio/gpio.c.obj
 .ARM.attributes
                0x00000000000000a2       0x2c CMakeFiles/led_blink.dir/home/sharp/pico/pico-sdk/src/rp2_common/hardware_claim/claim.c.obj
 .ARM.attributes
                0x00000000000000ce       0x2c CMakeFiles/led_blink.dir/home/sharp/pico/pico-sdk/src/rp2_common/pico_platform/platform.c.obj
 .ARM.attributes
                0x00000000000000fa       0x2c CMakeFiles/led_blink.dir/home/sharp/pico/pico-sdk/src/rp2_common/hardware_sync/sync.c.obj
 .ARM.attributes
                0x0000000000000126       0x2c CMakeFiles/led_blink.dir/home/sharp/pico/pico-sdk/src/rp2_common/hardware_uart/uart.c.obj
 .ARM.attributes
                0x0000000000000152       0x2c CMakeFiles/led_blink.dir/home/sharp/pico/pico-sdk/src/common/pico_time/time.c.obj
 .ARM.attributes
                0x000000000000017e       0x2c CMakeFiles/led_blink.dir/home/sharp/pico/pico-sdk/src/rp2_common/hardware_timer/timer.c.obj
 .ARM.attributes
                0x00000000000001aa       0x2c CMakeFiles/led_blink.dir/home/sharp/pico/pico-sdk/src/common/pico_sync/lock_core.c.obj
 .ARM.attributes
                0x00000000000001d6       0x2c CMakeFiles/led_blink.dir/home/sharp/pico/pico-sdk/src/common/pico_sync/mutex.c.obj
 .ARM.attributes
                0x0000000000000202       0x2c CMakeFiles/led_blink.dir/home/sharp/pico/pico-sdk/src/common/pico_util/pheap.c.obj
 .ARM.attributes
                0x000000000000022e       0x2c CMakeFiles/led_blink.dir/home/sharp/pico/pico-sdk/src/rp2_common/pico_runtime/runtime.c.obj
 .ARM.attributes
                0x000000000000025a       0x2c CMakeFiles/led_blink.dir/home/sharp/pico/pico-sdk/src/rp2_common/hardware_clocks/clocks.c.obj
 .ARM.attributes
                0x0000000000000286       0x2c CMakeFiles/led_blink.dir/home/sharp/pico/pico-sdk/src/rp2_common/hardware_irq/irq.c.obj
 .ARM.attributes
                0x00000000000002b2       0x22 CMakeFiles/led_blink.dir/home/sharp/pico/pico-sdk/src/rp2_common/hardware_irq/irq_handler_chain.S.obj
 .ARM.attributes
                0x00000000000002d4       0x2c CMakeFiles/led_blink.dir/home/sharp/pico/pico-sdk/src/rp2_common/hardware_pll/pll.c.obj
 .ARM.attributes
                0x0000000000000300       0x2c CMakeFiles/led_blink.dir/home/sharp/pico/pico-sdk/src/rp2_common/hardware_watchdog/watchdog.c.obj
 .ARM.attributes
                0x000000000000032c       0x2c CMakeFiles/led_blink.dir/home/sharp/pico/pico-sdk/src/rp2_common/hardware_xosc/xosc.c.obj
 .ARM.attributes
                0x0000000000000358       0x2c CMakeFiles/led_blink.dir/home/sharp/pico/pico-sdk/src/rp2_common/pico_printf/printf.c.obj
 .ARM.attributes
                0x0000000000000384       0x22 CMakeFiles/led_blink.dir/home/sharp/pico/pico-sdk/src/rp2_common/pico_bit_ops/bit_ops_aeabi.S.obj
 .ARM.attributes
                0x00000000000003a6       0x2c CMakeFiles/led_blink.dir/home/sharp/pico/pico-sdk/src/rp2_common/pico_bootrom/bootrom.c.obj
 .ARM.attributes
                0x00000000000003d2       0x22 CMakeFiles/led_blink.dir/home/sharp/pico/pico-sdk/src/rp2_common/pico_divider/divider.S.obj
 .ARM.attributes
                0x00000000000003f4       0x22 CMakeFiles/led_blink.dir/home/sharp/pico/pico-sdk/src/rp2_common/pico_double/double_aeabi.S.obj
 .ARM.attributes
                0x0000000000000416       0x2c CMakeFiles/led_blink.dir/home/sharp/pico/pico-sdk/src/rp2_common/pico_double/double_init_rom.c.obj
 .ARM.attributes
                0x0000000000000442       0x22 CMakeFiles/led_blink.dir/home/sharp/pico/pico-sdk/src/rp2_common/pico_double/double_v1_rom_shim.S.obj
 .ARM.attributes
                0x0000000000000464       0x22 CMakeFiles/led_blink.dir/home/sharp/pico/pico-sdk/src/rp2_common/pico_int64_ops/pico_int64_ops_aeabi.S.obj
 .ARM.attributes
                0x0000000000000486       0x22 CMakeFiles/led_blink.dir/home/sharp/pico/pico-sdk/src/rp2_common/pico_float/float_aeabi.S.obj
 .ARM.attributes
                0x00000000000004a8       0x2c CMakeFiles/led_blink.dir/home/sharp/pico/pico-sdk/src/rp2_common/pico_float/float_init_rom.c.obj
 .ARM.attributes
                0x00000000000004d4       0x22 CMakeFiles/led_blink.dir/home/sharp/pico/pico-sdk/src/rp2_common/pico_float/float_v1_rom_shim.S.obj
 .ARM.attributes
                0x00000000000004f6       0x22 CMakeFiles/led_blink.dir/home/sharp/pico/pico-sdk/src/rp2_common/pico_mem_ops/mem_ops_aeabi.S.obj
 .ARM.attributes
                0x0000000000000518       0x22 CMakeFiles/led_blink.dir/home/sharp/pico/pico-sdk/src/rp2_common/pico_standard_link/crt0.S.obj
 .ARM.attributes
                0x000000000000053a       0x32 CMakeFiles/led_blink.dir/home/sharp/pico/pico-sdk/src/rp2_common/pico_standard_link/binary_info.c.obj
 .ARM.attributes
                0x000000000000056c       0x2c CMakeFiles/led_blink.dir/home/sharp/pico/pico-sdk/src/rp2_common/pico_stdio/stdio.c.obj
 .ARM.attributes
                0x0000000000000598       0x2c CMakeFiles/led_blink.dir/home/sharp/pico/pico-sdk/src/rp2_common/pico_stdio_uart/stdio_uart.c.obj
 .ARM.attributes
                0x00000000000005c4       0x2c CMakeFiles/led_blink.dir/home/sharp/pico/pico-sdk/src/rp2_common/hardware_i2c/i2c.c.obj
 .ARM.attributes
                0x00000000000005f0       0x2c ../src/libqwiicAlphanumeric.a(SparkFun_Alphanumeric_Display.cpp.obj)
 .ARM.attributes
                0x000000000000061c       0x22 /tmp/ccOyTL0T.o
 .ARM.attributes
                0x000000000000063e       0x1e /usr/lib/gcc/arm-none-eabi/9.2.1/thumb/v6-m/nofp/libgcc.a(_dvmd_tls.o)
 .ARM.attributes
                0x000000000000065c       0x2c /usr/lib/gcc/arm-none-eabi/9.2.1/../../../arm-none-eabi/lib/thumb/v6-m/nofp/libc.a(lib_a-strlen-stub.o)
 .ARM.attributes
                0x0000000000000688       0x2c /usr/lib/gcc/arm-none-eabi/9.2.1/thumb/v6-m/nofp/crtend.o

.comment        0x0000000000000000       0xa7
 .comment       0x0000000000000000       0x59 /usr/lib/gcc/arm-none-eabi/9.2.1/thumb/v6-m/nofp/crtbegin.o
                                         0x5a (size before relaxing)
 .comment       0x0000000000000059       0x5a CMakeFiles/led_blink.dir/led_blink.cpp.obj
 .comment       0x0000000000000059       0x5a CMakeFiles/led_blink.dir/home/sharp/pico/pico-sdk/src/rp2_common/hardware_gpio/gpio.c.obj
 .comment       0x0000000000000059       0x5a CMakeFiles/led_blink.dir/home/sharp/pico/pico-sdk/src/rp2_common/hardware_claim/claim.c.obj
 .comment       0x0000000000000059       0x5a CMakeFiles/led_blink.dir/home/sharp/pico/pico-sdk/src/rp2_common/pico_platform/platform.c.obj
 .comment       0x0000000000000059       0x5a CMakeFiles/led_blink.dir/home/sharp/pico/pico-sdk/src/rp2_common/hardware_sync/sync.c.obj
 .comment       0x0000000000000059       0x5a CMakeFiles/led_blink.dir/home/sharp/pico/pico-sdk/src/rp2_common/hardware_uart/uart.c.obj
 .comment       0x0000000000000059       0x5a CMakeFiles/led_blink.dir/home/sharp/pico/pico-sdk/src/common/pico_time/time.c.obj
 .comment       0x0000000000000059       0x5a CMakeFiles/led_blink.dir/home/sharp/pico/pico-sdk/src/rp2_common/hardware_timer/timer.c.obj
 .comment       0x0000000000000059       0x5a CMakeFiles/led_blink.dir/home/sharp/pico/pico-sdk/src/common/pico_sync/lock_core.c.obj
 .comment       0x0000000000000059       0x5a CMakeFiles/led_blink.dir/home/sharp/pico/pico-sdk/src/common/pico_sync/mutex.c.obj
 .comment       0x0000000000000059       0x5a CMakeFiles/led_blink.dir/home/sharp/pico/pico-sdk/src/common/pico_util/pheap.c.obj
 .comment       0x0000000000000059       0x5a CMakeFiles/led_blink.dir/home/sharp/pico/pico-sdk/src/rp2_common/pico_runtime/runtime.c.obj
 .comment       0x0000000000000059       0x5a CMakeFiles/led_blink.dir/home/sharp/pico/pico-sdk/src/rp2_common/hardware_clocks/clocks.c.obj
 .comment       0x0000000000000059       0x5a CMakeFiles/led_blink.dir/home/sharp/pico/pico-sdk/src/rp2_common/hardware_irq/irq.c.obj
 .comment       0x0000000000000059       0x5a CMakeFiles/led_blink.dir/home/sharp/pico/pico-sdk/src/rp2_common/hardware_pll/pll.c.obj
 .comment       0x0000000000000059       0x5a CMakeFiles/led_blink.dir/home/sharp/pico/pico-sdk/src/rp2_common/hardware_watchdog/watchdog.c.obj
 .comment       0x0000000000000059       0x5a CMakeFiles/led_blink.dir/home/sharp/pico/pico-sdk/src/rp2_common/hardware_xosc/xosc.c.obj
 .comment       0x0000000000000059       0x5a CMakeFiles/led_blink.dir/home/sharp/pico/pico-sdk/src/rp2_common/pico_printf/printf.c.obj
 .comment       0x0000000000000059       0x5a CMakeFiles/led_blink.dir/home/sharp/pico/pico-sdk/src/rp2_common/pico_bootrom/bootrom.c.obj
 .comment       0x0000000000000059       0x5a CMakeFiles/led_blink.dir/home/sharp/pico/pico-sdk/src/rp2_common/pico_double/double_init_rom.c.obj
 .comment       0x0000000000000059       0x5a CMakeFiles/led_blink.dir/home/sharp/pico/pico-sdk/src/rp2_common/pico_float/float_init_rom.c.obj
 .comment       0x0000000000000059       0x5a CMakeFiles/led_blink.dir/home/sharp/pico/pico-sdk/src/rp2_common/pico_standard_link/binary_info.c.obj
 .comment       0x0000000000000059       0x5a CMakeFiles/led_blink.dir/home/sharp/pico/pico-sdk/src/rp2_common/pico_stdio/stdio.c.obj
 .comment       0x0000000000000059       0x5a CMakeFiles/led_blink.dir/home/sharp/pico/pico-sdk/src/rp2_common/pico_stdio_uart/stdio_uart.c.obj
 .comment       0x0000000000000059       0x5a CMakeFiles/led_blink.dir/home/sharp/pico/pico-sdk/src/rp2_common/hardware_i2c/i2c.c.obj
 .comment       0x0000000000000059       0x5a ../src/libqwiicAlphanumeric.a(SparkFun_Alphanumeric_Display.cpp.obj)
 .comment       0x0000000000000059       0x4e /usr/lib/gcc/arm-none-eabi/9.2.1/../../../arm-none-eabi/lib/thumb/v6-m/nofp/libc.a(lib_a-strlen-stub.o)
                                         0x4f (size before relaxing)
 .comment       0x00000000000000a7       0x5a /usr/lib/gcc/arm-none-eabi/9.2.1/thumb/v6-m/nofp/crtend.o

.debug_line     0x0000000000000000      0x222
 .debug_line    0x0000000000000000       0x60 /usr/lib/gcc/arm-none-eabi/9.2.1/thumb/v6-m/nofp/libgcc.a(_dvmd_tls.o)
 .debug_line    0x0000000000000060      0x1c2 /usr/lib/gcc/arm-none-eabi/9.2.1/../../../arm-none-eabi/lib/thumb/v6-m/nofp/libc.a(lib_a-strlen-stub.o)

.debug_info     0x0000000000000000      0x999
 .debug_info    0x0000000000000000       0x26 /usr/lib/gcc/arm-none-eabi/9.2.1/thumb/v6-m/nofp/libgcc.a(_dvmd_tls.o)
 .debug_info    0x0000000000000026      0x973 /usr/lib/gcc/arm-none-eabi/9.2.1/../../../arm-none-eabi/lib/thumb/v6-m/nofp/libc.a(lib_a-strlen-stub.o)

.debug_abbrev   0x0000000000000000      0x1fc
 .debug_abbrev  0x0000000000000000       0x14 /usr/lib/gcc/arm-none-eabi/9.2.1/thumb/v6-m/nofp/libgcc.a(_dvmd_tls.o)
 .debug_abbrev  0x0000000000000014      0x1e8 /usr/lib/gcc/arm-none-eabi/9.2.1/../../../arm-none-eabi/lib/thumb/v6-m/nofp/libc.a(lib_a-strlen-stub.o)

.debug_aranges  0x0000000000000000       0x40
 .debug_aranges
                0x0000000000000000       0x20 /usr/lib/gcc/arm-none-eabi/9.2.1/thumb/v6-m/nofp/libgcc.a(_dvmd_tls.o)
 .debug_aranges
                0x0000000000000020       0x20 /usr/lib/gcc/arm-none-eabi/9.2.1/../../../arm-none-eabi/lib/thumb/v6-m/nofp/libc.a(lib_a-strlen-stub.o)

.debug_str      0x0000000000000000      0x613
 .debug_str     0x0000000000000000       0xa3 /usr/lib/gcc/arm-none-eabi/9.2.1/thumb/v6-m/nofp/libgcc.a(_dvmd_tls.o)
 .debug_str     0x00000000000000a3      0x570 /usr/lib/gcc/arm-none-eabi/9.2.1/../../../arm-none-eabi/lib/thumb/v6-m/nofp/libc.a(lib_a-strlen-stub.o)
                                        0x5c2 (size before relaxing)

.debug_loc      0x0000000000000000       0xa3
 .debug_loc     0x0000000000000000       0xa3 /usr/lib/gcc/arm-none-eabi/9.2.1/../../../arm-none-eabi/lib/thumb/v6-m/nofp/libc.a(lib_a-strlen-stub.o)

.debug_frame    0x0000000000000000       0x28
 .debug_frame   0x0000000000000000       0x28 /usr/lib/gcc/arm-none-eabi/9.2.1/../../../arm-none-eabi/lib/thumb/v6-m/nofp/libc.a(lib_a-strlen-stub.o)
